
=============================================
≡ƒ¢í∩╕Å STARTING CRYPTP SECURITY & COMPILER TEST
=============================================



--- Testing Scenario: [Clean Contract] ---
1. Compiling Code...
Γ£à Compilation Successful.
2. Running Security Engine on AST...

--- SECRETY REPORT ---
Score: 100/100
Findings: 0 issue(s) detected.


--- Testing Scenario: [Vulnerable Contract] ---
1. Compiling Code...
Γ£à Compilation Successful.
2. Running Security Engine on AST...

--- SECRETY REPORT ---
Score: 60/100
Findings: 3 issue(s) detected.
  [1] [Low] Floating Pragma
      The contract uses a floating pragma (e.g., ^0.8.0). This can result in compilation with different compiler versions which may have different bugs.
      Rule ID: S004
  [2] [High] Use of tx.origin
      tx.origin is used for authentication. This can lead to phishing attacks where an intermediate contract can impersonate the user.
      Rule ID: S002
  [3] [Medium] Use of selfdestruct
      selfdestruct allows a contract to be deleted, which can be dangerous if the logic is not carefully controlled.
      Rule ID: S005


--- Testing Scenario: [Syntax Error Contract] ---
1. Compiling Code...
Γ¥î Compilation FAILED.
Error Log:
  [ERROR] Unmatched braces: 2 opening, 0 closing

-> Security Engine Skipped: Score N/A (valid AST required).

=============================================
Γ£à TESTING COMPLETE
=============================================

